// Jest Snapshot v1, https://goo.gl/fbAQLP

exports[`ListItem ListItems renders witshout crashing 1`] = `
<div
  className="ListItem"
  onClick={[Function]}
>
  <span
    id="number"
  />
  <br />
  <span
    id="txt"
  />
</div>
`;
