// Jest Snapshot v1, https://goo.gl/fbAQLP

exports[`Testing Details Details render without crashing 1`] = `ShallowWrapper {}`;
